{
    "chrX gtf aggregate - stub": {
        "content": [
            {
                "gff": [
                    "DEXSeq.gff:md5,d41d8cd98f00b204e9800998ecf8427e"
                ],
                "versions_htseq": [
                    [
                        "DEXSEQ_ANNOTATION",
                        "htseq",
                        "2.1.2"
                    ]
                ]
            }
        ],
        "timestamp": "2026-06-17T12:33:11.132168369",
        "meta": {
            "nf-test": "0.9.5",
            "nextflow": "26.04.3"
        }
    },
    "chrX gtf - stub": {
        "content": [
            {
                "gff": [
                    "DEXSeq.gff:md5,d41d8cd98f00b204e9800998ecf8427e"
                ],
                "versions_htseq": [
                    [
                        "DEXSEQ_ANNOTATION",
                        "htseq",
                        "2.1.2"
                    ]
                ]
            }
        ],
        "timestamp": "2026-06-17T12:33:05.489640164",
        "meta": {
            "nf-test": "0.9.5",
            "nextflow": "26.04.3"
        }
    },
    "chrX gtf": {
        "content": [
            [
                "DEXSeq.gff"
            ]
        ],
        "timestamp": "2026-06-17T12:32:53.06282325",
        "meta": {
            "nf-test": "0.9.5",
            "nextflow": "26.04.3"
        }
    },
    "chrX gtf aggregate": {
        "content": [
            [
                "DEXSeq.gff"
            ]
        ],
        "timestamp": "2026-06-17T12:32:59.831179624",
        "meta": {
            "nf-test": "0.9.5",
            "nextflow": "26.04.3"
        }
    }
}