{
    "dexseq - bam": {
        "content": [
            {
                "0": [
                    [
                        {
                            "id": "test",
                            "strandedness": "unstranded",
                            "single_end": true
                        },
                        "test.clean.count.txt:md5,3d298b32dfc0a8eafb6870d9fdf74bb5"
                    ]
                ],
                "1": [
                    [
                        "DEXSEQ_COUNT",
                        "htseq",
                        "2.1.2"
                    ]
                ],
                "dexseq_clean_txt": [
                    [
                        {
                            "id": "test",
                            "strandedness": "unstranded",
                            "single_end": true
                        },
                        "test.clean.count.txt:md5,3d298b32dfc0a8eafb6870d9fdf74bb5"
                    ]
                ],
                "versions_htseq": [
                    [
                        "DEXSEQ_COUNT",
                        "htseq",
                        "2.1.2"
                    ]
                ]
            },
            {
                "versions_htseq": [
                    [
                        "DEXSEQ_COUNT",
                        "htseq",
                        "2.1.2"
                    ]
                ]
            }
        ],
        "timestamp": "2026-06-13T12:21:38.799868413",
        "meta": {
            "nf-test": "0.9.4",
            "nextflow": "26.04.1"
        }
    },
    "dexseq - bam - stub": {
        "content": [
            {
                "0": [
                    [
                        {
                            "id": "test",
                            "strandedness": "unstranded",
                            "single_end": true
                        },
                        "test.clean.count.txt:md5,d41d8cd98f00b204e9800998ecf8427e"
                    ]
                ],
                "1": [
                    [
                        "DEXSEQ_COUNT",
                        "htseq",
                        "2.1.2"
                    ]
                ],
                "dexseq_clean_txt": [
                    [
                        {
                            "id": "test",
                            "strandedness": "unstranded",
                            "single_end": true
                        },
                        "test.clean.count.txt:md5,d41d8cd98f00b204e9800998ecf8427e"
                    ]
                ],
                "versions_htseq": [
                    [
                        "DEXSEQ_COUNT",
                        "htseq",
                        "2.1.2"
                    ]
                ]
            }
        ],
        "timestamp": "2026-06-13T12:22:18.128733727",
        "meta": {
            "nf-test": "0.9.4",
            "nextflow": "26.04.1"
        }
    }
}