{
    "-profile test": {
        "content": [
            {
                "CLUSTEREVENTS_IOE": {
                    "suppa": 2.4
                },
                "CLUSTEREVENTS_IOI": {
                    "suppa": 2.4
                },
                "CLUSTERGROUPS_IOE": {
                    "suppa": 2.4
                },
                "CLUSTERGROUPS_IOI": {
                    "suppa": 2.4
                },
                "CREATE_BAMLIST": {
                    "sed": 4.7
                },
                "DEXSEQ_ANNOTATION": {
                    "htseq": "2.1.2"
                },
                "DEXSEQ_COUNT": {
                    "htseq": "2.1.2"
                },
                "DEXSEQ_DTU": {
                    "bioconductor-dexseq": "1.56.0",
                    "r-base": "4.5.3"
                },
                "DEXSEQ_EXON": {
                    "bioconductor-dexseq": "1.56.0",
                    "r-base": "4.5.3"
                },
                "DIFFSPLICE_IOE": {
                    "suppa": 2.4
                },
                "DIFFSPLICE_IOI": {
                    "suppa": 2.4
                },
                "DRIMSEQ_FILTER": {
                    "bioconductor-drimseq": "1.18.0",
                    "r-base": "4.0.3"
                },
                "EDGER_EXON": {
                    "bioconductor-edger": "3.36.0",
                    "r-base": "4.1.1"
                },
                "FASTQC": {
                    "fastqc": "0.12.1"
                },
                "GENERATE_EVENTS_IOE": {
                    "suppa": 2.4
                },
                "GENERATE_EVENTS_IOI": {
                    "suppa": 2.4
                },
                "GFFREAD_TX2GENE": {
                    "gffread": "0.12.1"
                },
                "GTF_2_GFF3": {
                    "gffread": "0.12.7"
                },
                "GTF_GENE_FILTER": {
                    "python": "3.9.5"
                },
                "GUNZIP_FASTA": {
                    "gunzip": 1.13
                },
                "ISOFORMSWITCHANALYZER": {
                    "bioconductor-isoformswitchanalyzer": "2.2.0",
                    "r-base": "4.3.2"
                },
                "MAKE_TRANSCRIPTS_FASTA": {
                    "rsem": "1.3.1",
                    "star": "2.7.10a"
                },
                "MISO_INDEX": {
                    "misopy": "0.5.4",
                    "python": "2.7.15"
                },
                "MISO_RUN": {
                    "misopy": "0.5.4",
                    "python": "2.7.15"
                },
                "MISO_SASHIMI": {
                    "misopy": "0.5.4",
                    "python": "2.7.15"
                },
                "MISO_SETTINGS": {
                    "parsimonious": "0.10.0"
                },
                "PSIPEREVENT": {
                    "suppa": 2.4
                },
                "PSIPERISOFORM": {
                    "suppa": 2.4
                },
                "RMATS_POST": {
                    "rmats": "4.1.2"
                },
                "RMATS_PREP": {
                    "rmats": "4.1.2"
                },
                "SALMON_INDEX": {
                    "salmon": "1.10.3"
                },
                "SALMON_QUANT_SALMON": {
                    "salmon": "1.10.3"
                },
                "SALMON_QUANT_STAR": {
                    "salmon": "1.10.3"
                },
                "SAMTOOLS_FAIDX": {
                    "samtools": "1.23.1"
                },
                "SAMTOOLS_FLAGSTAT": {
                    "samtools": "1.23.1"
                },
                "SAMTOOLS_IDXSTATS": {
                    "samtools": "1.23.1"
                },
                "SAMTOOLS_INDEX": {
                    "samtools": "1.23.1"
                },
                "SAMTOOLS_SORT": {
                    "samtools": "1.23.1"
                },
                "SAMTOOLS_STATS": {
                    "samtools": "1.23.1"
                },
                "SPLIT_FILES_IOE": {
                    "suppa_split_file": "3.4.2"
                },
                "SPLIT_FILES_IOI": {
                    "suppa_split_file": "3.4.2"
                },
                "SPLIT_FILES_TPM": {
                    "suppa_split_file": "3.4.2"
                },
                "STAGER": {
                    "stageR": "1.32.0"
                },
                "STAR_ALIGN": {
                    "gawk": "5.1.0",
                    "samtools": 1.21,
                    "star": "2.7.11b"
                },
                "STAR_GENOMEGENERATE": {
                    "gawk": "5.1.0",
                    "samtools": 1.21,
                    "star": "2.7.11b"
                },
                "SUBREAD_FEATURECOUNTS": {
                    "subread": "2.1.1"
                },
                "SUBREAD_FLATTENGTF": {
                    "subread": "flattenGTF Version 2.0.1"
                },
                "TRIMGALORE": {
                    "trimgalore": "2.1.0"
                },
                "TXIMPORT": {
                    "tximeta": "1.8.0"
                },
                "Workflow": {
                    "nf-core/rnasplice": "v1.1.0dev"
                }
            },
            [
                "clustergroups",
                "clustergroups/GBR-YRI_groups.txt",
                "clustergroups/YRI-GBR_groups.txt",
                "fastqc",
                "fastqc/ERR188383_1_fastqc.html",
                "fastqc/ERR188383_1_fastqc.zip",
                "fastqc/ERR188383_2_fastqc.html",
                "fastqc/ERR188383_2_fastqc.zip",
                "fastqc/ERR188428_1_fastqc.html",
                "fastqc/ERR188428_1_fastqc.zip",
                "fastqc/ERR188428_2_fastqc.html",
                "fastqc/ERR188428_2_fastqc.zip",
                "fastqc/ERR188454_1_fastqc.html",
                "fastqc/ERR188454_1_fastqc.zip",
                "fastqc/ERR188454_2_fastqc.html",
                "fastqc/ERR188454_2_fastqc.zip",
                "fastqc/ERR204916_1_fastqc.html",
                "fastqc/ERR204916_1_fastqc.zip",
                "fastqc/ERR204916_2_fastqc.html",
                "fastqc/ERR204916_2_fastqc.zip",
                "genome",
                "genome/index",
                "isoformswitchanalyzer",
                "isoformswitchanalyzer/isoformswitchanalyzer_isoformfeatures.csv",
                "isoformswitchanalyzer/isoformswitchanalyzer_summary.csv",
                "isoformswitchanalyzer/results",
                "isoformswitchanalyzer/switchlist.rds",
                "multiqc",
                "multiqc/multiqc_data",
                "multiqc/multiqc_data/fastqc-status-check-heatmap.txt",
                "multiqc/multiqc_data/fastqc_adapter_content_plot.txt",
                "multiqc/multiqc_data/fastqc_overrepresented_sequences_plot.txt",
                "multiqc/multiqc_data/fastqc_per_base_n_content_plot.txt",
                "multiqc/multiqc_data/fastqc_per_base_sequence_quality_plot.txt",
                "multiqc/multiqc_data/fastqc_per_sequence_gc_content_plot_Counts.txt",
                "multiqc/multiqc_data/fastqc_per_sequence_gc_content_plot_Percentages.txt",
                "multiqc/multiqc_data/fastqc_per_sequence_quality_scores_plot.txt",
                "multiqc/multiqc_data/fastqc_sequence_counts_plot.txt",
                "multiqc/multiqc_data/fastqc_sequence_duplication_levels_plot.txt",
                "multiqc/multiqc_data/fastqc_sequence_length_distribution_plot.txt",
                "multiqc/multiqc_data/fastqc_top_overrepresented_sequences_table.txt",
                "multiqc/multiqc_data/featureCounts_assignment_plot.txt",
                "multiqc/multiqc_data/llms-full.txt",
                "multiqc/multiqc_data/multiqc.log",
                "multiqc/multiqc_data/multiqc.parquet",
                "multiqc/multiqc_data/multiqc_citations.txt",
                "multiqc/multiqc_data/multiqc_data.json",
                "multiqc/multiqc_data/multiqc_fastqc.txt",
                "multiqc/multiqc_data/multiqc_featurecounts.txt",
                "multiqc/multiqc_data/multiqc_general_stats.txt",
                "multiqc/multiqc_data/multiqc_rmats_table.txt",
                "multiqc/multiqc_data/multiqc_salmon.txt",
                "multiqc/multiqc_data/multiqc_samtools_flagstat.txt",
                "multiqc/multiqc_data/multiqc_samtools_idxstats.txt",
                "multiqc/multiqc_data/multiqc_samtools_stats.txt",
                "multiqc/multiqc_data/multiqc_software_versions.txt",
                "multiqc/multiqc_data/multiqc_sources.txt",
                "multiqc/multiqc_data/multiqc_star.txt",
                "multiqc/multiqc_data/salmon_plot.txt",
                "multiqc/multiqc_data/samtools-flagstat-pct-table.txt",
                "multiqc/multiqc_data/samtools-flagstat-table.txt",
                "multiqc/multiqc_data/samtools-idxstats-mapped-reads-plot_Normalised_Counts.txt",
                "multiqc/multiqc_data/samtools-idxstats-mapped-reads-plot_Observed_over_Expected_Counts.txt",
                "multiqc/multiqc_data/samtools-idxstats-mapped-reads-plot_Raw_Counts.txt",
                "multiqc/multiqc_data/samtools-stats-dp.txt",
                "multiqc/multiqc_data/samtools_alignment_plot.txt",
                "multiqc/multiqc_data/samtools_insert_size.txt",
                "multiqc/multiqc_data/star_alignment_plot.txt",
                "multiqc/multiqc_data/star_summary_table.txt",
                "multiqc/multiqc_plots",
                "multiqc/multiqc_plots/pdf",
                "multiqc/multiqc_plots/pdf/fastqc-status-check-heatmap.pdf",
                "multiqc/multiqc_plots/pdf/fastqc_adapter_content_plot.pdf",
                "multiqc/multiqc_plots/pdf/fastqc_overrepresented_sequences_plot.pdf",
                "multiqc/multiqc_plots/pdf/fastqc_per_base_n_content_plot.pdf",
                "multiqc/multiqc_plots/pdf/fastqc_per_base_sequence_quality_plot.pdf",
                "multiqc/multiqc_plots/pdf/fastqc_per_sequence_gc_content_plot_Counts.pdf",
                "multiqc/multiqc_plots/pdf/fastqc_per_sequence_gc_content_plot_Percentages.pdf",
                "multiqc/multiqc_plots/pdf/fastqc_per_sequence_quality_scores_plot.pdf",
                "multiqc/multiqc_plots/pdf/fastqc_sequence_counts_plot-cnt.pdf",
                "multiqc/multiqc_plots/pdf/fastqc_sequence_counts_plot-pct.pdf",
                "multiqc/multiqc_plots/pdf/fastqc_sequence_duplication_levels_plot.pdf",
                "multiqc/multiqc_plots/pdf/fastqc_sequence_length_distribution_plot.pdf",
                "multiqc/multiqc_plots/pdf/fastqc_top_overrepresented_sequences_table.pdf",
                "multiqc/multiqc_plots/pdf/featureCounts_assignment_plot-cnt.pdf",
                "multiqc/multiqc_plots/pdf/featureCounts_assignment_plot-pct.pdf",
                "multiqc/multiqc_plots/pdf/rmats_table.pdf",
                "multiqc/multiqc_plots/pdf/salmon_plot.pdf",
                "multiqc/multiqc_plots/pdf/samtools-flagstat-pct-table.pdf",
                "multiqc/multiqc_plots/pdf/samtools-flagstat-table.pdf",
                "multiqc/multiqc_plots/pdf/samtools-idxstats-mapped-reads-plot_Normalised_Counts-cnt.pdf",
                "multiqc/multiqc_plots/pdf/samtools-idxstats-mapped-reads-plot_Normalised_Counts-log.pdf",
                "multiqc/multiqc_plots/pdf/samtools-idxstats-mapped-reads-plot_Observed_over_Expected_Counts-cnt.pdf",
                "multiqc/multiqc_plots/pdf/samtools-idxstats-mapped-reads-plot_Observed_over_Expected_Counts-log.pdf",
                "multiqc/multiqc_plots/pdf/samtools-idxstats-mapped-reads-plot_Raw_Counts-cnt.pdf",
                "multiqc/multiqc_plots/pdf/samtools-idxstats-mapped-reads-plot_Raw_Counts-log.pdf",
                "multiqc/multiqc_plots/pdf/samtools-stats-dp.pdf",
                "multiqc/multiqc_plots/pdf/samtools_alignment_plot-cnt.pdf",
                "multiqc/multiqc_plots/pdf/samtools_alignment_plot-pct.pdf",
                "multiqc/multiqc_plots/pdf/samtools_insert_size.pdf",
                "multiqc/multiqc_plots/pdf/star_alignment_plot-cnt.pdf",
                "multiqc/multiqc_plots/pdf/star_alignment_plot-pct.pdf",
                "multiqc/multiqc_plots/pdf/star_summary_table.pdf",
                "multiqc/multiqc_plots/png",
                "multiqc/multiqc_plots/png/fastqc-status-check-heatmap.png",
                "multiqc/multiqc_plots/png/fastqc_adapter_content_plot.png",
                "multiqc/multiqc_plots/png/fastqc_overrepresented_sequences_plot.png",
                "multiqc/multiqc_plots/png/fastqc_per_base_n_content_plot.png",
                "multiqc/multiqc_plots/png/fastqc_per_base_sequence_quality_plot.png",
                "multiqc/multiqc_plots/png/fastqc_per_sequence_gc_content_plot_Counts.png",
                "multiqc/multiqc_plots/png/fastqc_per_sequence_gc_content_plot_Percentages.png",
                "multiqc/multiqc_plots/png/fastqc_per_sequence_quality_scores_plot.png",
                "multiqc/multiqc_plots/png/fastqc_sequence_counts_plot-cnt.png",
                "multiqc/multiqc_plots/png/fastqc_sequence_counts_plot-pct.png",
                "multiqc/multiqc_plots/png/fastqc_sequence_duplication_levels_plot.png",
                "multiqc/multiqc_plots/png/fastqc_sequence_length_distribution_plot.png",
                "multiqc/multiqc_plots/png/fastqc_top_overrepresented_sequences_table.png",
                "multiqc/multiqc_plots/png/featureCounts_assignment_plot-cnt.png",
                "multiqc/multiqc_plots/png/featureCounts_assignment_plot-pct.png",
                "multiqc/multiqc_plots/png/rmats_table.png",
                "multiqc/multiqc_plots/png/salmon_plot.png",
                "multiqc/multiqc_plots/png/samtools-flagstat-pct-table.png",
                "multiqc/multiqc_plots/png/samtools-flagstat-table.png",
                "multiqc/multiqc_plots/png/samtools-idxstats-mapped-reads-plot_Normalised_Counts-cnt.png",
                "multiqc/multiqc_plots/png/samtools-idxstats-mapped-reads-plot_Normalised_Counts-log.png",
                "multiqc/multiqc_plots/png/samtools-idxstats-mapped-reads-plot_Observed_over_Expected_Counts-cnt.png",
                "multiqc/multiqc_plots/png/samtools-idxstats-mapped-reads-plot_Observed_over_Expected_Counts-log.png",
                "multiqc/multiqc_plots/png/samtools-idxstats-mapped-reads-plot_Raw_Counts-cnt.png",
                "multiqc/multiqc_plots/png/samtools-idxstats-mapped-reads-plot_Raw_Counts-log.png",
                "multiqc/multiqc_plots/png/samtools-stats-dp.png",
                "multiqc/multiqc_plots/png/samtools_alignment_plot-cnt.png",
                "multiqc/multiqc_plots/png/samtools_alignment_plot-pct.png",
                "multiqc/multiqc_plots/png/samtools_insert_size.png",
                "multiqc/multiqc_plots/png/star_alignment_plot-cnt.png",
                "multiqc/multiqc_plots/png/star_alignment_plot-pct.png",
                "multiqc/multiqc_plots/png/star_summary_table.png",
                "multiqc/multiqc_plots/svg",
                "multiqc/multiqc_plots/svg/fastqc-status-check-heatmap.svg",
                "multiqc/multiqc_plots/svg/fastqc_adapter_content_plot.svg",
                "multiqc/multiqc_plots/svg/fastqc_overrepresented_sequences_plot.svg",
                "multiqc/multiqc_plots/svg/fastqc_per_base_n_content_plot.svg",
                "multiqc/multiqc_plots/svg/fastqc_per_base_sequence_quality_plot.svg",
                "multiqc/multiqc_plots/svg/fastqc_per_sequence_gc_content_plot_Counts.svg",
                "multiqc/multiqc_plots/svg/fastqc_per_sequence_gc_content_plot_Percentages.svg",
                "multiqc/multiqc_plots/svg/fastqc_per_sequence_quality_scores_plot.svg",
                "multiqc/multiqc_plots/svg/fastqc_sequence_counts_plot-cnt.svg",
                "multiqc/multiqc_plots/svg/fastqc_sequence_counts_plot-pct.svg",
                "multiqc/multiqc_plots/svg/fastqc_sequence_duplication_levels_plot.svg",
                "multiqc/multiqc_plots/svg/fastqc_sequence_length_distribution_plot.svg",
                "multiqc/multiqc_plots/svg/fastqc_top_overrepresented_sequences_table.svg",
                "multiqc/multiqc_plots/svg/featureCounts_assignment_plot-cnt.svg",
                "multiqc/multiqc_plots/svg/featureCounts_assignment_plot-pct.svg",
                "multiqc/multiqc_plots/svg/rmats_table.svg",
                "multiqc/multiqc_plots/svg/salmon_plot.svg",
                "multiqc/multiqc_plots/svg/samtools-flagstat-pct-table.svg",
                "multiqc/multiqc_plots/svg/samtools-flagstat-table.svg",
                "multiqc/multiqc_plots/svg/samtools-idxstats-mapped-reads-plot_Normalised_Counts-cnt.svg",
                "multiqc/multiqc_plots/svg/samtools-idxstats-mapped-reads-plot_Normalised_Counts-log.svg",
                "multiqc/multiqc_plots/svg/samtools-idxstats-mapped-reads-plot_Observed_over_Expected_Counts-cnt.svg",
                "multiqc/multiqc_plots/svg/samtools-idxstats-mapped-reads-plot_Observed_over_Expected_Counts-log.svg",
                "multiqc/multiqc_plots/svg/samtools-idxstats-mapped-reads-plot_Raw_Counts-cnt.svg",
                "multiqc/multiqc_plots/svg/samtools-idxstats-mapped-reads-plot_Raw_Counts-log.svg",
                "multiqc/multiqc_plots/svg/samtools-stats-dp.svg",
                "multiqc/multiqc_plots/svg/samtools_alignment_plot-cnt.svg",
                "multiqc/multiqc_plots/svg/samtools_alignment_plot-pct.svg",
                "multiqc/multiqc_plots/svg/samtools_insert_size.svg",
                "multiqc/multiqc_plots/svg/star_alignment_plot-cnt.svg",
                "multiqc/multiqc_plots/svg/star_alignment_plot-pct.svg",
                "multiqc/multiqc_plots/svg/star_summary_table.svg",
                "multiqc/multiqc_report.html",
                "pipeline_info",
                "pipeline_info/nf_core_rnasplice_software_mqc_versions.yml",
                "salmon",
                "salmon/ERR188383",
                "salmon/ERR188383/aux_info",
                "salmon/ERR188383/aux_info/ambig_info.tsv",
                "salmon/ERR188383/aux_info/expected_bias.gz",
                "salmon/ERR188383/aux_info/fld.gz",
                "salmon/ERR188383/aux_info/meta_info.json",
                "salmon/ERR188383/aux_info/observed_bias.gz",
                "salmon/ERR188383/aux_info/observed_bias_3p.gz",
                "salmon/ERR188383/cmd_info.json",
                "salmon/ERR188383/libParams",
                "salmon/ERR188383/libParams/flenDist.txt",
                "salmon/ERR188383/lib_format_counts.json",
                "salmon/ERR188383/logs",
                "salmon/ERR188383/logs/salmon_quant.log",
                "salmon/ERR188383/quant.genes.sf",
                "salmon/ERR188383/quant.sf",
                "salmon/ERR188383_lib_format_counts.json",
                "salmon/ERR188383_meta_info.json",
                "salmon/ERR188428",
                "salmon/ERR188428/aux_info",
                "salmon/ERR188428/aux_info/ambig_info.tsv",
                "salmon/ERR188428/aux_info/expected_bias.gz",
                "salmon/ERR188428/aux_info/fld.gz",
                "salmon/ERR188428/aux_info/meta_info.json",
                "salmon/ERR188428/aux_info/observed_bias.gz",
                "salmon/ERR188428/aux_info/observed_bias_3p.gz",
                "salmon/ERR188428/cmd_info.json",
                "salmon/ERR188428/libParams",
                "salmon/ERR188428/libParams/flenDist.txt",
                "salmon/ERR188428/lib_format_counts.json",
                "salmon/ERR188428/logs",
                "salmon/ERR188428/logs/salmon_quant.log",
                "salmon/ERR188428/quant.genes.sf",
                "salmon/ERR188428/quant.sf",
                "salmon/ERR188428_lib_format_counts.json",
                "salmon/ERR188428_meta_info.json",
                "salmon/ERR188454",
                "salmon/ERR188454/aux_info",
                "salmon/ERR188454/aux_info/ambig_info.tsv",
                "salmon/ERR188454/aux_info/expected_bias.gz",
                "salmon/ERR188454/aux_info/fld.gz",
                "salmon/ERR188454/aux_info/meta_info.json",
                "salmon/ERR188454/aux_info/observed_bias.gz",
                "salmon/ERR188454/aux_info/observed_bias_3p.gz",
                "salmon/ERR188454/cmd_info.json",
                "salmon/ERR188454/libParams",
                "salmon/ERR188454/libParams/flenDist.txt",
                "salmon/ERR188454/lib_format_counts.json",
                "salmon/ERR188454/logs",
                "salmon/ERR188454/logs/salmon_quant.log",
                "salmon/ERR188454/quant.genes.sf",
                "salmon/ERR188454/quant.sf",
                "salmon/ERR188454_lib_format_counts.json",
                "salmon/ERR188454_meta_info.json",
                "salmon/ERR204916",
                "salmon/ERR204916/aux_info",
                "salmon/ERR204916/aux_info/ambig_info.tsv",
                "salmon/ERR204916/aux_info/expected_bias.gz",
                "salmon/ERR204916/aux_info/fld.gz",
                "salmon/ERR204916/aux_info/meta_info.json",
                "salmon/ERR204916/aux_info/observed_bias.gz",
                "salmon/ERR204916/aux_info/observed_bias_3p.gz",
                "salmon/ERR204916/cmd_info.json",
                "salmon/ERR204916/libParams",
                "salmon/ERR204916/libParams/flenDist.txt",
                "salmon/ERR204916/lib_format_counts.json",
                "salmon/ERR204916/logs",
                "salmon/ERR204916/logs/salmon_quant.log",
                "salmon/ERR204916/quant.genes.sf",
                "salmon/ERR204916/quant.sf",
                "salmon/ERR204916_lib_format_counts.json",
                "salmon/ERR204916_meta_info.json",
                "star_salmon",
                "star_salmon/ERR188383_sorted.bam",
                "star_salmon/ERR188383_sorted.bam.bai",
                "star_salmon/ERR188428_sorted.bam",
                "star_salmon/ERR188428_sorted.bam.bai",
                "star_salmon/ERR188454_sorted.bam",
                "star_salmon/ERR188454_sorted.bam.bai",
                "star_salmon/ERR204916_sorted.bam",
                "star_salmon/ERR204916_sorted.bam.bai",
                "star_salmon/dexseq_dtu",
                "star_salmon/dexseq_dtu/filter",
                "star_salmon/dexseq_dtu/filter/drimseq",
                "star_salmon/dexseq_dtu/filter/drimseq/dmDSdata.rds",
                "star_salmon/dexseq_dtu/results",
                "star_salmon/dexseq_dtu/results/dexseq",
                "star_salmon/dexseq_dtu/results/dexseq/DEXSeqDataSet.GBR-YRI.rds",
                "star_salmon/dexseq_dtu/results/dexseq/DEXSeqDataSet.YRI-GBR.rds",
                "star_salmon/dexseq_dtu/results/dexseq/DEXSeqResults.GBR-YRI.rds",
                "star_salmon/dexseq_dtu/results/dexseq/DEXSeqResults.GBR-YRI.tsv",
                "star_salmon/dexseq_dtu/results/dexseq/DEXSeqResults.YRI-GBR.rds",
                "star_salmon/dexseq_dtu/results/dexseq/DEXSeqResults.YRI-GBR.tsv",
                "star_salmon/dexseq_dtu/results/dexseq/perGeneQValue.GBR-YRI.rds",
                "star_salmon/dexseq_dtu/results/dexseq/perGeneQValue.GBR-YRI.tsv",
                "star_salmon/dexseq_dtu/results/dexseq/perGeneQValue.YRI-GBR.rds",
                "star_salmon/dexseq_dtu/results/dexseq/perGeneQValue.YRI-GBR.tsv",
                "star_salmon/dexseq_dtu/results/stager",
                "star_salmon/dexseq_dtu/results/stager/getAdjustedPValues.GBR-YRI.rds",
                "star_salmon/dexseq_dtu/results/stager/getAdjustedPValues.GBR-YRI.tsv",
                "star_salmon/dexseq_dtu/results/stager/getAdjustedPValues.YRI-GBR.rds",
                "star_salmon/dexseq_dtu/results/stager/getAdjustedPValues.YRI-GBR.tsv",
                "star_salmon/dexseq_dtu/results/stager/stageRTx.GBR-YRI.rds",
                "star_salmon/dexseq_dtu/results/stager/stageRTx.YRI-GBR.rds",
                "star_salmon/dexseq_exon",
                "star_salmon/dexseq_exon/annotation",
                "star_salmon/dexseq_exon/counts",
                "star_salmon/dexseq_exon/counts/ERR188383.clean.count.txt",
                "star_salmon/dexseq_exon/counts/ERR188428.clean.count.txt",
                "star_salmon/dexseq_exon/counts/ERR188454.clean.count.txt",
                "star_salmon/dexseq_exon/counts/ERR204916.clean.count.txt",
                "star_salmon/dexseq_exon/results",
                "star_salmon/dexseq_exon/results/DEXSeqDataSet.GBR-YRI.rds",
                "star_salmon/dexseq_exon/results/DEXSeqDataSet.YRI-GBR.rds",
                "star_salmon/dexseq_exon/results/DEXSeqResults.GBR-YRI.csv",
                "star_salmon/dexseq_exon/results/DEXSeqResults.GBR-YRI.rds",
                "star_salmon/dexseq_exon/results/DEXSeqResults.YRI-GBR.csv",
                "star_salmon/dexseq_exon/results/DEXSeqResults.YRI-GBR.rds",
                "star_salmon/dexseq_exon/results/perGeneQValue.GBR-YRI.csv",
                "star_salmon/dexseq_exon/results/perGeneQValue.GBR-YRI.rds",
                "star_salmon/dexseq_exon/results/perGeneQValue.YRI-GBR.csv",
                "star_salmon/dexseq_exon/results/perGeneQValue.YRI-GBR.rds",
                "star_salmon/dexseq_exon/results/plotDEXSeq.GBR-YRI.pdf",
                "star_salmon/dexseq_exon/results/plotDEXSeq.YRI-GBR.pdf",
                "star_salmon/edger",
                "star_salmon/edger/DGEGLM.rds",
                "star_salmon/edger/DGELRT.exprs.rds",
                "star_salmon/edger/DGELRT.usage.rds",
                "star_salmon/edger/DGEList.rds",
                "star_salmon/edger/contrast_GBR-YRI.exprs.csv",
                "star_salmon/edger/contrast_GBR-YRI.usage.exon.csv",
                "star_salmon/edger/contrast_GBR-YRI.usage.exon.pdf",
                "star_salmon/edger/contrast_GBR-YRI.usage.gene.csv",
                "star_salmon/edger/contrast_GBR-YRI.usage.gene.pdf",
                "star_salmon/edger/contrast_GBR-YRI.usage.simes.csv",
                "star_salmon/edger/contrast_GBR-YRI.usage.simes.pdf",
                "star_salmon/edger/contrast_YRI-GBR.exprs.csv",
                "star_salmon/edger/contrast_YRI-GBR.usage.exon.csv",
                "star_salmon/edger/contrast_YRI-GBR.usage.exon.pdf",
                "star_salmon/edger/contrast_YRI-GBR.usage.gene.csv",
                "star_salmon/edger/contrast_YRI-GBR.usage.gene.pdf",
                "star_salmon/edger/contrast_YRI-GBR.usage.simes.csv",
                "star_salmon/edger/contrast_YRI-GBR.usage.simes.pdf",
                "star_salmon/featurecounts",
                "star_salmon/featurecounts/ERR188383.featureCounts.tsv",
                "star_salmon/featurecounts/ERR188383.featureCounts.tsv.summary",
                "star_salmon/featurecounts/ERR188428.featureCounts.tsv",
                "star_salmon/featurecounts/ERR188428.featureCounts.tsv.summary",
                "star_salmon/featurecounts/ERR188454.featureCounts.tsv",
                "star_salmon/featurecounts/ERR188454.featureCounts.tsv.summary",
                "star_salmon/featurecounts/ERR204916.featureCounts.tsv",
                "star_salmon/featurecounts/ERR204916.featureCounts.tsv.summary",
                "star_salmon/featurecounts/annotation.saf",
                "star_salmon/log",
                "star_salmon/log/ERR188383.Log.final.out",
                "star_salmon/log/ERR188383.Log.out",
                "star_salmon/log/ERR188383.Log.progress.out",
                "star_salmon/log/ERR188383.SJ.out.tab",
                "star_salmon/log/ERR188428.Log.final.out",
                "star_salmon/log/ERR188428.Log.out",
                "star_salmon/log/ERR188428.Log.progress.out",
                "star_salmon/log/ERR188428.SJ.out.tab",
                "star_salmon/log/ERR188454.Log.final.out",
                "star_salmon/log/ERR188454.Log.out",
                "star_salmon/log/ERR188454.Log.progress.out",
                "star_salmon/log/ERR188454.SJ.out.tab",
                "star_salmon/log/ERR204916.Log.final.out",
                "star_salmon/log/ERR204916.Log.out",
                "star_salmon/log/ERR204916.Log.progress.out",
                "star_salmon/log/ERR204916.SJ.out.tab",
                "star_salmon/salmon",
                "star_salmon/salmon/ERR188383",
                "star_salmon/salmon/ERR188383/aux_info",
                "star_salmon/salmon/ERR188383/aux_info/ambig_info.tsv",
                "star_salmon/salmon/ERR188383/aux_info/expected_bias.gz",
                "star_salmon/salmon/ERR188383/aux_info/fld.gz",
                "star_salmon/salmon/ERR188383/aux_info/meta_info.json",
                "star_salmon/salmon/ERR188383/aux_info/observed_bias.gz",
                "star_salmon/salmon/ERR188383/aux_info/observed_bias_3p.gz",
                "star_salmon/salmon/ERR188383/cmd_info.json",
                "star_salmon/salmon/ERR188383/libParams",
                "star_salmon/salmon/ERR188383/libParams/flenDist.txt",
                "star_salmon/salmon/ERR188383/logs",
                "star_salmon/salmon/ERR188383/logs/salmon_quant.log",
                "star_salmon/salmon/ERR188383/quant.genes.sf",
                "star_salmon/salmon/ERR188383/quant.sf",
                "star_salmon/salmon/ERR188383_meta_info.json",
                "star_salmon/salmon/ERR188428",
                "star_salmon/salmon/ERR188428/aux_info",
                "star_salmon/salmon/ERR188428/aux_info/ambig_info.tsv",
                "star_salmon/salmon/ERR188428/aux_info/expected_bias.gz",
                "star_salmon/salmon/ERR188428/aux_info/fld.gz",
                "star_salmon/salmon/ERR188428/aux_info/meta_info.json",
                "star_salmon/salmon/ERR188428/aux_info/observed_bias.gz",
                "star_salmon/salmon/ERR188428/aux_info/observed_bias_3p.gz",
                "star_salmon/salmon/ERR188428/cmd_info.json",
                "star_salmon/salmon/ERR188428/libParams",
                "star_salmon/salmon/ERR188428/libParams/flenDist.txt",
                "star_salmon/salmon/ERR188428/logs",
                "star_salmon/salmon/ERR188428/logs/salmon_quant.log",
                "star_salmon/salmon/ERR188428/quant.genes.sf",
                "star_salmon/salmon/ERR188428/quant.sf",
                "star_salmon/salmon/ERR188428_meta_info.json",
                "star_salmon/salmon/ERR188454",
                "star_salmon/salmon/ERR188454/aux_info",
                "star_salmon/salmon/ERR188454/aux_info/ambig_info.tsv",
                "star_salmon/salmon/ERR188454/aux_info/expected_bias.gz",
                "star_salmon/salmon/ERR188454/aux_info/fld.gz",
                "star_salmon/salmon/ERR188454/aux_info/meta_info.json",
                "star_salmon/salmon/ERR188454/aux_info/observed_bias.gz",
                "star_salmon/salmon/ERR188454/aux_info/observed_bias_3p.gz",
                "star_salmon/salmon/ERR188454/cmd_info.json",
                "star_salmon/salmon/ERR188454/libParams",
                "star_salmon/salmon/ERR188454/libParams/flenDist.txt",
                "star_salmon/salmon/ERR188454/logs",
                "star_salmon/salmon/ERR188454/logs/salmon_quant.log",
                "star_salmon/salmon/ERR188454/quant.genes.sf",
                "star_salmon/salmon/ERR188454/quant.sf",
                "star_salmon/salmon/ERR188454_meta_info.json",
                "star_salmon/salmon/ERR204916",
                "star_salmon/salmon/ERR204916/aux_info",
                "star_salmon/salmon/ERR204916/aux_info/ambig_info.tsv",
                "star_salmon/salmon/ERR204916/aux_info/expected_bias.gz",
                "star_salmon/salmon/ERR204916/aux_info/fld.gz",
                "star_salmon/salmon/ERR204916/aux_info/meta_info.json",
                "star_salmon/salmon/ERR204916/aux_info/observed_bias.gz",
                "star_salmon/salmon/ERR204916/aux_info/observed_bias_3p.gz",
                "star_salmon/salmon/ERR204916/cmd_info.json",
                "star_salmon/salmon/ERR204916/libParams",
                "star_salmon/salmon/ERR204916/libParams/flenDist.txt",
                "star_salmon/salmon/ERR204916/logs",
                "star_salmon/salmon/ERR204916/logs/salmon_quant.log",
                "star_salmon/salmon/ERR204916/quant.genes.sf",
                "star_salmon/salmon/ERR204916/quant.sf",
                "star_salmon/salmon/ERR204916_meta_info.json",
                "star_salmon/samtools_stats",
                "star_salmon/samtools_stats/ERR188383.flagstat",
                "star_salmon/samtools_stats/ERR188383.idxstats",
                "star_salmon/samtools_stats/ERR188383.stats",
                "star_salmon/samtools_stats/ERR188428.flagstat",
                "star_salmon/samtools_stats/ERR188428.idxstats",
                "star_salmon/samtools_stats/ERR188428.stats",
                "star_salmon/samtools_stats/ERR188454.flagstat",
                "star_salmon/samtools_stats/ERR188454.idxstats",
                "star_salmon/samtools_stats/ERR188454.stats",
                "star_salmon/samtools_stats/ERR204916.flagstat",
                "star_salmon/samtools_stats/ERR204916.idxstats",
                "star_salmon/samtools_stats/ERR204916.stats",
                "star_salmon/suppa",
                "star_salmon/suppa/clusterevents",
                "star_salmon/suppa/clusterevents/per_isoform",
                "star_salmon/suppa/clusterevents/per_isoform/GBR-YRI_transcript_cluster.clustvec",
                "star_salmon/suppa/clusterevents/per_isoform/GBR-YRI_transcript_cluster_scores.log",
                "star_salmon/suppa/clusterevents/per_isoform/YRI-GBR_transcript_cluster.clustvec",
                "star_salmon/suppa/clusterevents/per_isoform/YRI-GBR_transcript_cluster_scores.log",
                "star_salmon/suppa/clusterevents/per_local_event",
                "star_salmon/suppa/clusterevents/per_local_event/GBR-YRI_local_cluster.clustvec",
                "star_salmon/suppa/clusterevents/per_local_event/GBR-YRI_local_cluster_scores.log",
                "star_salmon/suppa/clusterevents/per_local_event/YRI-GBR_local_cluster.clustvec",
                "star_salmon/suppa/clusterevents/per_local_event/YRI-GBR_local_cluster_scores.log",
                "star_salmon/suppa/diffsplice",
                "star_salmon/suppa/diffsplice/per_isoform",
                "star_salmon/suppa/diffsplice/per_isoform/GBR-YRI_transcript_diffsplice.dpsi",
                "star_salmon/suppa/diffsplice/per_isoform/GBR-YRI_transcript_diffsplice.psivec",
                "star_salmon/suppa/diffsplice/per_isoform/YRI-GBR_transcript_diffsplice.dpsi",
                "star_salmon/suppa/diffsplice/per_isoform/YRI-GBR_transcript_diffsplice.psivec",
                "star_salmon/suppa/diffsplice/per_local_event",
                "star_salmon/suppa/diffsplice/per_local_event/GBR-YRI_local_diffsplice.dpsi",
                "star_salmon/suppa/diffsplice/per_local_event/GBR-YRI_local_diffsplice.psivec",
                "star_salmon/suppa/diffsplice/per_local_event/YRI-GBR_local_diffsplice.dpsi",
                "star_salmon/suppa/diffsplice/per_local_event/YRI-GBR_local_diffsplice.psivec",
                "star_salmon/suppa/generate_events",
                "star_salmon/suppa/generate_events/per_isoform",
                "star_salmon/suppa/generate_events/per_isoform/events.ioi",
                "star_salmon/suppa/generate_events/per_local_event",
                "star_salmon/suppa/generate_events/per_local_event/events.ioe",
                "star_salmon/suppa/generate_events/per_local_event/events_A3_strict.gtf",
                "star_salmon/suppa/generate_events/per_local_event/events_A3_strict.ioe",
                "star_salmon/suppa/generate_events/per_local_event/events_A5_strict.gtf",
                "star_salmon/suppa/generate_events/per_local_event/events_A5_strict.ioe",
                "star_salmon/suppa/generate_events/per_local_event/events_AF_strict.gtf",
                "star_salmon/suppa/generate_events/per_local_event/events_AF_strict.ioe",
                "star_salmon/suppa/generate_events/per_local_event/events_AL_strict.gtf",
                "star_salmon/suppa/generate_events/per_local_event/events_AL_strict.ioe",
                "star_salmon/suppa/generate_events/per_local_event/events_MX_strict.gtf",
                "star_salmon/suppa/generate_events/per_local_event/events_MX_strict.ioe",
                "star_salmon/suppa/generate_events/per_local_event/events_RI_strict.gtf",
                "star_salmon/suppa/generate_events/per_local_event/events_RI_strict.ioe",
                "star_salmon/suppa/generate_events/per_local_event/events_SE_strict.gtf",
                "star_salmon/suppa/generate_events/per_local_event/events_SE_strict.ioe",
                "star_salmon/suppa/psi_per_isoform",
                "star_salmon/suppa/psi_per_isoform/suppa_isoform.psi",
                "star_salmon/suppa/psi_per_local_event",
                "star_salmon/suppa/psi_per_local_event/suppa_local.psi",
                "star_salmon/suppa/split_files",
                "star_salmon/suppa/split_files/per_isoform",
                "star_salmon/suppa/split_files/per_isoform/transcript_GBR.psi",
                "star_salmon/suppa/split_files/per_isoform/transcript_YRI.psi",
                "star_salmon/suppa/split_files/per_local_event",
                "star_salmon/suppa/split_files/per_local_event/local_GBR.psi",
                "star_salmon/suppa/split_files/per_local_event/local_YRI.psi",
                "star_salmon/suppa/split_files/tpms",
                "star_salmon/suppa/split_files/tpms/GBR.tpm",
                "star_salmon/suppa/split_files/tpms/YRI.tpm",
                "star_salmon/unmapped",
                "trimgalore",
                "trimgalore/ERR188383_1.fastq.gz_trimming_report.txt",
                "trimgalore/ERR188383_2.fastq.gz_trimming_report.txt",
                "trimgalore/ERR188428_1.fastq.gz_trimming_report.txt",
                "trimgalore/ERR188428_2.fastq.gz_trimming_report.txt",
                "trimgalore/ERR188454_1.fastq.gz_trimming_report.txt",
                "trimgalore/ERR188454_2.fastq.gz_trimming_report.txt",
                "trimgalore/ERR204916_1.fastq.gz_trimming_report.txt",
                "trimgalore/ERR204916_2.fastq.gz_trimming_report.txt",
                "trimgalore/fastqc",
                "trimgalore/fastqc/ERR188383_1_val_1_fastqc.html",
                "trimgalore/fastqc/ERR188383_1_val_1_fastqc.zip",
                "trimgalore/fastqc/ERR188383_2_val_2_fastqc.html",
                "trimgalore/fastqc/ERR188383_2_val_2_fastqc.zip",
                "trimgalore/fastqc/ERR188428_1_val_1_fastqc.html",
                "trimgalore/fastqc/ERR188428_1_val_1_fastqc.zip",
                "trimgalore/fastqc/ERR188428_2_val_2_fastqc.html",
                "trimgalore/fastqc/ERR188428_2_val_2_fastqc.zip",
                "trimgalore/fastqc/ERR188454_1_val_1_fastqc.html",
                "trimgalore/fastqc/ERR188454_1_val_1_fastqc.zip",
                "trimgalore/fastqc/ERR188454_2_val_2_fastqc.html",
                "trimgalore/fastqc/ERR188454_2_val_2_fastqc.zip",
                "trimgalore/fastqc/ERR204916_1_val_1_fastqc.html",
                "trimgalore/fastqc/ERR204916_1_val_1_fastqc.zip",
                "trimgalore/fastqc/ERR204916_2_val_2_fastqc.html",
                "trimgalore/fastqc/ERR204916_2_val_2_fastqc.zip"
            ],
            [
                "GBR-YRI_groups.txt:md5,7c4e4b8e31b53e91f5db0db731c9103f",
                "YRI-GBR_groups.txt:md5,7c4e4b8e31b53e91f5db0db731c9103f",
                "isoformswitchanalyzer_isoformfeatures.csv:md5,a227d42afbcc590b4e949075cde4a5b6",
                "isoformswitchanalyzer_summary.csv:md5,4b2ab1b387ded8f479d7cfa96893e93b",
                "ERR188383_sorted.bam:md5,1bff4b478016421fd0f0eb5df75f3c2c",
                "ERR188383_sorted.bam.bai:md5,662f7faef48faebfab0dae435345afd5",
                "ERR188428_sorted.bam:md5,2ba4c1dacd9e556b408f0a5de224a97e",
                "ERR188428_sorted.bam.bai:md5,9dc07d8a3665d821fa18bb139d7ec281",
                "ERR188454_sorted.bam:md5,b31f626026ce8bbdb5081b3255042c39",
                "ERR188454_sorted.bam.bai:md5,7ee5dcbe3fb85f79ebf8fede3950e097",
                "ERR204916_sorted.bam:md5,c316314ca9c0f08fe075dcae87c548d1",
                "ERR204916_sorted.bam.bai:md5,06f74b05d47ed6ce5f02b847706ded18",
                "contrast_GBR-YRI.exprs.csv:md5,b091c7556033b165f942cbfb43407aa0",
                "contrast_GBR-YRI.usage.exon.csv:md5,90c732efe7f3ce4e68fb8f46ec2c3bf9",
                "contrast_GBR-YRI.usage.gene.csv:md5,e8a84ad7c6c24cf3f024498648f91281",
                "contrast_GBR-YRI.usage.simes.csv:md5,015da45693647f9dc1fa359665701cc9",
                "contrast_YRI-GBR.exprs.csv:md5,e0f7d803353b3e27ffe49d0cc47c4ce4",
                "contrast_YRI-GBR.usage.exon.csv:md5,d7430c53596e395b3887ad79dd374e14",
                "contrast_YRI-GBR.usage.gene.csv:md5,d6edbf1a5073b9a9f08d6b97b3b33477",
                "contrast_YRI-GBR.usage.simes.csv:md5,3c73b5e0ae47b9f443fcb92db68a6841",
                "ERR188383.featureCounts.tsv.summary:md5,993ce8137b5b9789af79bac91bf997c1",
                "ERR188428.featureCounts.tsv.summary:md5,da8074757caa70df918fff06dc262162",
                "ERR188454.featureCounts.tsv.summary:md5,36aac23ee31473567076d75446d8b0a4",
                "ERR204916.featureCounts.tsv.summary:md5,3704f08b5d577bd57601737ec9053003",
                "annotation.saf:md5,3370bfd2d7c10a849dc385d30d3b5d26",
                "ERR188383.SJ.out.tab:md5,ed9af397969c9e49a6edb8c1128a1873",
                "ERR188428.SJ.out.tab:md5,82bd70953439dd81d0a034d7b548b775",
                "ERR188454.SJ.out.tab:md5,7d0a7e6cdf5b6651d279f5e03bd1da78",
                "ERR204916.SJ.out.tab:md5,84f7975c771761b6a3bcbd7c112875d9",
                "ERR188383.flagstat:md5,9f0901490aaf2a5e0936d9d16d525dbf",
                "ERR188383.idxstats:md5,ef2037aa31e732d1319a2f1427d6d7fc",
                "ERR188383.stats:md5,af2e294843c939e19ae615a0df4db8ab",
                "ERR188428.flagstat:md5,5881d2497aa70f5d82c372e2784833e7",
                "ERR188428.idxstats:md5,c25a7448de4e4afc312518b28a5031d0",
                "ERR188428.stats:md5,6fb11156a178c779a47ca3a5a921f64d",
                "ERR188454.flagstat:md5,91dd255b8ae47dd84d717a5e115512bd",
                "ERR188454.idxstats:md5,e0dab0008d8b60a8f5c0a11c75eae060",
                "ERR188454.stats:md5,59091bca41482d204f856df9238ae7b4",
                "ERR204916.flagstat:md5,77bbb66e375c4f9083d4aab0d55ddcdd",
                "ERR204916.idxstats:md5,21ed2e992e836e620991e9a24078f1b6",
                "ERR204916.stats:md5,afe41925bb20e1679cf8c05f5c52e001",
                "events.ioi:md5,6c9ee3567554e3f74186b4c17ec777d6",
                "events_A3_strict.gtf:md5,3899af4485ce55143c57755e5e8ec064",
                "events_A5_strict.gtf:md5,b8176a54b2033ca9931b4cc3d7577ec5",
                "events_AF_strict.gtf:md5,bf69a81115455645ccfda84066cedfc1",
                "events_AL_strict.gtf:md5,d899db71cc9b0161e5af786594417779",
                "events_MX_strict.gtf:md5,4719c9700e8774153f4a8106c5b180f0",
                "events_SE_strict.gtf:md5,40fedd62cd85723392ccc0512e548453"
            ]
        ],
        "timestamp": "2026-06-02T13:35:45.922986429",
        "meta": {
            "nf-test": "0.9.4",
            "nextflow": "26.04.1"
        }
    }
}